src/components/canvas-sync/editor-header.tsx(69,24): error TS2307: Cannot find module '@/components/ui/button' or its corresponding type declarations.
src/components/canvas-sync/editor-header.tsx(83,8): error TS2307: Cannot find module '@/components/ui/dropdown-menu' or its corresponding type declarations.
src/components/canvas-sync/editor-header.tsx(84,27): error TS6142: Module '../ui/separator' was resolved to 'C:/Users/ethar/OneDrive/Desktop/studio-master/studio-master/src/components/ui/separator.tsx', but '--jsx' is not set.
src/components/canvas-sync/editor-header.tsx(85,8): error TS1259: Module '"C:/Users/ethar/OneDrive/Desktop/studio-master/studio-master/node_modules/@types/react/index"' can only be default-imported using the 'esModuleInterop' flag
src/components/canvas-sync/editor-header.tsx(86,26): error TS2307: Cannot find module '@/hooks/use-toast' or its corresponding type declarations.
src/components/canvas-sync/editor-header.tsx(87,22): error TS6142: Module './logo' was resolved to 'C:/Users/ethar/OneDrive/Desktop/studio-master/studio-master/src/components/canvas-sync/logo.tsx', but '--jsx' is not set.
src/components/canvas-sync/editor-header.tsx(88,36): error TS6142: Module './main-editor' was resolved to 'C:/Users/ethar/OneDrive/Desktop/studio-master/studio-master/src/components/canvas-sync/main-editor.tsx', but '--jsx' is not set.
src/components/canvas-sync/editor-header.tsx(89,25): error TS2307: Cannot find module '@/lib/i18n' or its corresponding type declarations.
src/components/canvas-sync/editor-header.tsx(259,5): error TS17004: Cannot use JSX unless the '--jsx' flag is provided.
src/components/canvas-sync/editor-header.tsx(260,7): error TS17004: Cannot use JSX unless the '--jsx' flag is provided.
src/components/canvas-sync/editor-header.tsx(261,9): error TS17004: Cannot use JSX unless the '--jsx' flag is provided.
src/components/canvas-sync/editor-header.tsx(263,7): error TS17004: Cannot use JSX unless the '--jsx' flag is provided.
src/components/canvas-sync/editor-header.tsx(264,11): error TS17004: Cannot use JSX unless the '--jsx' flag is provided.
src/components/canvas-sync/editor-header.tsx(265,13): error TS17004: Cannot use JSX unless the '--jsx' flag is provided.
src/components/canvas-sync/editor-header.tsx(266,15): error TS17004: Cannot use JSX unless the '--jsx' flag is provided.
src/components/canvas-sync/editor-header.tsx(270,13): error TS17004: Cannot use JSX unless the '--jsx' flag is provided.
src/components/canvas-sync/editor-header.tsx(271,15): error TS17004: Cannot use JSX unless the '--jsx' flag is provided.
src/components/canvas-sync/editor-header.tsx(272,17): error TS17004: Cannot use JSX unless the '--jsx' flag is provided.
src/components/canvas-sync/editor-header.tsx(273,19): error TS17004: Cannot use JSX unless the '--jsx' flag is provided.
src/components/canvas-sync/editor-header.tsx(274,19): error TS17004: Cannot use JSX unless the '--jsx' flag is provided.
src/components/canvas-sync/editor-header.tsx(276,17): error TS17004: Cannot use JSX unless the '--jsx' flag is provided.
src/components/canvas-sync/editor-header.tsx(277,19): error TS17004: Cannot use JSX unless the '--jsx' flag is provided.
src/components/canvas-sync/editor-header.tsx(278,19): error TS17004: Cannot use JSX unless the '--jsx' flag is provided.
src/components/canvas-sync/editor-header.tsx(282,15): error TS17004: Cannot use JSX unless the '--jsx' flag is provided.
src/components/canvas-sync/editor-header.tsx(283,17): error TS17004: Cannot use JSX unless the '--jsx' flag is provided.
src/components/canvas-sync/editor-header.tsx(284,17): error TS17004: Cannot use JSX unless the '--jsx' flag is provided.
src/components/canvas-sync/editor-header.tsx(285,17): error TS17004: Cannot use JSX unless the '--jsx' flag is provided.
src/components/canvas-sync/editor-header.tsx(287,15): error TS17004: Cannot use JSX unless the '--jsx' flag is provided.
src/components/canvas-sync/editor-header.tsx(288,17): error TS17004: Cannot use JSX unless the '--jsx' flag is provided.
src/components/canvas-sync/editor-header.tsx(289,19): error TS17004: Cannot use JSX unless the '--jsx' flag is provided.
src/components/canvas-sync/editor-header.tsx(290,19): error TS17004: Cannot use JSX unless the '--jsx' flag is provided.
src/components/canvas-sync/editor-header.tsx(292,17): error TS17004: Cannot use JSX unless the '--jsx' flag is provided.
src/components/canvas-sync/editor-header.tsx(295,23): error TS17004: Cannot use JSX unless the '--jsx' flag is provided.
src/components/canvas-sync/editor-header.tsx(300,21): error TS17004: Cannot use JSX unless the '--jsx' flag is provided.
src/components/canvas-sync/editor-header.tsx(305,15): error TS17004: Cannot use JSX unless the '--jsx' flag is provided.
src/components/canvas-sync/editor-header.tsx(307,15): error TS17004: Cannot use JSX unless the '--jsx' flag is provided.
src/components/canvas-sync/editor-header.tsx(308,17): error TS17004: Cannot use JSX unless the '--jsx' flag is provided.
src/components/canvas-sync/editor-header.tsx(309,17): error TS17004: Cannot use JSX unless the '--jsx' flag is provided.
src/components/canvas-sync/editor-header.tsx(310,17): error TS17004: Cannot use JSX unless the '--jsx' flag is provided.
src/components/canvas-sync/editor-header.tsx(312,15): error TS17004: Cannot use JSX unless the '--jsx' flag is provided.
src/components/canvas-sync/editor-header.tsx(313,17): error TS17004: Cannot use JSX unless the '--jsx' flag is provided.
src/components/canvas-sync/editor-header.tsx(314,17): error TS17004: Cannot use JSX unless the '--jsx' flag is provided.
src/components/canvas-sync/editor-header.tsx(315,17): error TS17004: Cannot use JSX unless the '--jsx' flag is provided.
src/components/canvas-sync/editor-header.tsx(318,15): error TS17004: Cannot use JSX unless the '--jsx' flag is provided.
src/components/canvas-sync/editor-header.tsx(320,15): error TS17004: Cannot use JSX unless the '--jsx' flag is provided.
src/components/canvas-sync/editor-header.tsx(321,17): error TS17004: Cannot use JSX unless the '--jsx' flag is provided.
src/components/canvas-sync/editor-header.tsx(322,17): error TS17004: Cannot use JSX unless the '--jsx' flag is provided.
src/components/canvas-sync/editor-header.tsx(324,15): error TS17004: Cannot use JSX unless the '--jsx' flag is provided.
src/components/canvas-sync/editor-header.tsx(325,17): error TS17004: Cannot use JSX unless the '--jsx' flag is provided.
src/components/canvas-sync/editor-header.tsx(326,17): error TS17004: Cannot use JSX unless the '--jsx' flag is provided.
src/components/canvas-sync/editor-header.tsx(329,15): error TS17004: Cannot use JSX unless the '--jsx' flag is provided.
src/components/canvas-sync/editor-header.tsx(331,15): error TS17004: Cannot use JSX unless the '--jsx' flag is provided.
src/components/canvas-sync/editor-header.tsx(335,15): error TS17004: Cannot use JSX unless the '--jsx' flag is provided.
src/components/canvas-sync/editor-header.tsx(336,15): error TS17004: Cannot use JSX unless the '--jsx' flag is provided.
src/components/canvas-sync/editor-header.tsx(337,17): error TS17004: Cannot use JSX unless the '--jsx' flag is provided.
src/components/canvas-sync/editor-header.tsx(338,17): error TS17004: Cannot use JSX unless the '--jsx' flag is provided.
src/components/canvas-sync/editor-header.tsx(342,11): error TS17004: Cannot use JSX unless the '--jsx' flag is provided.
src/components/canvas-sync/editor-header.tsx(343,13): error TS17004: Cannot use JSX unless the '--jsx' flag is provided.
src/components/canvas-sync/editor-header.tsx(344,15): error TS17004: Cannot use JSX unless the '--jsx' flag is provided.
src/components/canvas-sync/editor-header.tsx(348,13): error TS17004: Cannot use JSX unless the '--jsx' flag is provided.
src/components/canvas-sync/editor-header.tsx(349,15): error TS17004: Cannot use JSX unless the '--jsx' flag is provided.
src/components/canvas-sync/editor-header.tsx(350,17): error TS17004: Cannot use JSX unless the '--jsx' flag is provided.
src/components/canvas-sync/editor-header.tsx(351,17): error TS17004: Cannot use JSX unless the '--jsx' flag is provided.
src/components/canvas-sync/editor-header.tsx(352,17): error TS17004: Cannot use JSX unless the '--jsx' flag is provided.
src/components/canvas-sync/editor-header.tsx(354,15): error TS17004: Cannot use JSX unless the '--jsx' flag is provided.
src/components/canvas-sync/editor-header.tsx(355,17): error TS17004: Cannot use JSX unless the '--jsx' flag is provided.
src/components/canvas-sync/editor-header.tsx(356,17): error TS17004: Cannot use JSX unless the '--jsx' flag is provided.
src/components/canvas-sync/editor-header.tsx(357,17): error TS17004: Cannot use JSX unless the '--jsx' flag is provided.
src/components/canvas-sync/editor-header.tsx(359,15): error TS17004: Cannot use JSX unless the '--jsx' flag is provided.
src/components/canvas-sync/editor-header.tsx(360,15): error TS17004: Cannot use JSX unless the '--jsx' flag is provided.
src/components/canvas-sync/editor-header.tsx(361,17): error TS17004: Cannot use JSX unless the '--jsx' flag is provided.
src/components/canvas-sync/editor-header.tsx(362,17): error TS17004: Cannot use JSX unless the '--jsx' flag is provided.
src/components/canvas-sync/editor-header.tsx(363,17): error TS17004: Cannot use JSX unless the '--jsx' flag is provided.
src/components/canvas-sync/editor-header.tsx(365,15): error TS17004: Cannot use JSX unless the '--jsx' flag is provided.
src/components/canvas-sync/editor-header.tsx(366,17): error TS17004: Cannot use JSX unless the '--jsx' flag is provided.
src/components/canvas-sync/editor-header.tsx(367,17): error TS17004: Cannot use JSX unless the '--jsx' flag is provided.
src/components/canvas-sync/editor-header.tsx(368,17): error TS17004: Cannot use JSX unless the '--jsx' flag is provided.
src/components/canvas-sync/editor-header.tsx(370,15): error TS17004: Cannot use JSX unless the '--jsx' flag is provided.
src/components/canvas-sync/editor-header.tsx(371,17): error TS17004: Cannot use JSX unless the '--jsx' flag is provided.
src/components/canvas-sync/editor-header.tsx(372,17): error TS17004: Cannot use JSX unless the '--jsx' flag is provided.
src/components/canvas-sync/editor-header.tsx(373,17): error TS17004: Cannot use JSX unless the '--jsx' flag is provided.
src/components/canvas-sync/editor-header.tsx(375,15): error TS17004: Cannot use JSX unless the '--jsx' flag is provided.
src/components/canvas-sync/editor-header.tsx(376,16): error TS17004: Cannot use JSX unless the '--jsx' flag is provided.
src/components/canvas-sync/editor-header.tsx(377,17): error TS17004: Cannot use JSX unless the '--jsx' flag is provided.
src/components/canvas-sync/editor-header.tsx(378,19): error TS17004: Cannot use JSX unless the '--jsx' flag is provided.
src/components/canvas-sync/editor-header.tsx(379,19): error TS17004: Cannot use JSX unless the '--jsx' flag is provided.
src/components/canvas-sync/editor-header.tsx(381,17): error TS17004: Cannot use JSX unless the '--jsx' flag is provided.
src/components/canvas-sync/editor-header.tsx(382,19): error TS17004: Cannot use JSX unless the '--jsx' flag is provided.
src/components/canvas-sync/editor-header.tsx(383,19): error TS17004: Cannot use JSX unless the '--jsx' flag is provided.
src/components/canvas-sync/editor-header.tsx(386,16): error TS17004: Cannot use JSX unless the '--jsx' flag is provided.
src/components/canvas-sync/editor-header.tsx(387,17): error TS17004: Cannot use JSX unless the '--jsx' flag is provided.
src/components/canvas-sync/editor-header.tsx(388,19): error TS17004: Cannot use JSX unless the '--jsx' flag is provided.
src/components/canvas-sync/editor-header.tsx(389,19): error TS17004: Cannot use JSX unless the '--jsx' flag is provided.
src/components/canvas-sync/editor-header.tsx(391,17): error TS17004: Cannot use JSX unless the '--jsx' flag is provided.
src/components/canvas-sync/editor-header.tsx(392,19): error TS17004: Cannot use JSX unless the '--jsx' flag is provided.
src/components/canvas-sync/editor-header.tsx(393,19): error TS17004: Cannot use JSX unless the '--jsx' flag is provided.
src/components/canvas-sync/editor-header.tsx(396,15): error TS17004: Cannot use JSX unless the '--jsx' flag is provided.
src/components/canvas-sync/editor-header.tsx(397,16): error TS17004: Cannot use JSX unless the '--jsx' flag is provided.
src/components/canvas-sync/editor-header.tsx(398,17): error TS17004: Cannot use JSX unless the '--jsx' flag is provided.
src/components/canvas-sync/editor-header.tsx(399,17): error TS17004: Cannot use JSX unless the '--jsx' flag is provided.
src/components/canvas-sync/editor-header.tsx(400,17): error TS17004: Cannot use JSX unless the '--jsx' flag is provided.
src/components/canvas-sync/editor-header.tsx(402,15): error TS17004: Cannot use JSX unless the '--jsx' flag is provided.
src/components/canvas-sync/editor-header.tsx(403,17): error TS17004: Cannot use JSX unless the '--jsx' flag is provided.
src/components/canvas-sync/editor-header.tsx(404,17): error TS17004: Cannot use JSX unless the '--jsx' flag is provided.
src/components/canvas-sync/editor-header.tsx(405,17): error TS17004: Cannot use JSX unless the '--jsx' flag is provided.
src/components/canvas-sync/editor-header.tsx(407,15): error TS17004: Cannot use JSX unless the '--jsx' flag is provided.
src/components/canvas-sync/editor-header.tsx(408,17): error TS17004: Cannot use JSX unless the '--jsx' flag is provided.
src/components/canvas-sync/editor-header.tsx(409,17): error TS17004: Cannot use JSX unless the '--jsx' flag is provided.
src/components/canvas-sync/editor-header.tsx(410,17): error TS17004: Cannot use JSX unless the '--jsx' flag is provided.
src/components/canvas-sync/editor-header.tsx(414,11): error TS17004: Cannot use JSX unless the '--jsx' flag is provided.
src/components/canvas-sync/editor-header.tsx(415,13): error TS17004: Cannot use JSX unless the '--jsx' flag is provided.
src/components/canvas-sync/editor-header.tsx(416,15): error TS17004: Cannot use JSX unless the '--jsx' flag is provided.
src/components/canvas-sync/editor-header.tsx(420,13): error TS17004: Cannot use JSX unless the '--jsx' flag is provided.
src/components/canvas-sync/editor-header.tsx(421,15): error TS17004: Cannot use JSX unless the '--jsx' flag is provided.
src/components/canvas-sync/editor-header.tsx(422,18): error TS17004: Cannot use JSX unless the '--jsx' flag is provided.
src/components/canvas-sync/editor-header.tsx(423,17): error TS17004: Cannot use JSX unless the '--jsx' flag is provided.
src/components/canvas-sync/editor-header.tsx(424,17): error TS17004: Cannot use JSX unless the '--jsx' flag is provided.
src/components/canvas-sync/editor-header.tsx(426,15): error TS17004: Cannot use JSX unless the '--jsx' flag is provided.
src/components/canvas-sync/editor-header.tsx(427,17): error TS17004: Cannot use JSX unless the '--jsx' flag is provided.
src/components/canvas-sync/editor-header.tsx(428,17): error TS17004: Cannot use JSX unless the '--jsx' flag is provided.
src/components/canvas-sync/editor-header.tsx(429,17): error TS17004: Cannot use JSX unless the '--jsx' flag is provided.
src/components/canvas-sync/editor-header.tsx(431,15): error TS17004: Cannot use JSX unless the '--jsx' flag is provided.
src/components/canvas-sync/editor-header.tsx(432,17): error TS17004: Cannot use JSX unless the '--jsx' flag is provided.
src/components/canvas-sync/editor-header.tsx(433,17): error TS17004: Cannot use JSX unless the '--jsx' flag is provided.
src/components/canvas-sync/editor-header.tsx(434,17): error TS17004: Cannot use JSX unless the '--jsx' flag is provided.
src/components/canvas-sync/editor-header.tsx(436,15): error TS17004: Cannot use JSX unless the '--jsx' flag is provided.
src/components/canvas-sync/editor-header.tsx(437,15): error TS17004: Cannot use JSX unless the '--jsx' flag is provided.
src/components/canvas-sync/editor-header.tsx(438,17): error TS17004: Cannot use JSX unless the '--jsx' flag is provided.
src/components/canvas-sync/editor-header.tsx(439,17): error TS17004: Cannot use JSX unless the '--jsx' flag is provided.
src/components/canvas-sync/editor-header.tsx(440,17): error TS17004: Cannot use JSX unless the '--jsx' flag is provided.
src/components/canvas-sync/editor-header.tsx(442,16): error TS17004: Cannot use JSX unless the '--jsx' flag is provided.
src/components/canvas-sync/editor-header.tsx(443,17): error TS17004: Cannot use JSX unless the '--jsx' flag is provided.
src/components/canvas-sync/editor-header.tsx(444,17): error TS17004: Cannot use JSX unless the '--jsx' flag is provided.
src/components/canvas-sync/editor-header.tsx(445,17): error TS17004: Cannot use JSX unless the '--jsx' flag is provided.
src/components/canvas-sync/editor-header.tsx(447,15): error TS17004: Cannot use JSX unless the '--jsx' flag is provided.
src/components/canvas-sync/editor-header.tsx(448,17): error TS17004: Cannot use JSX unless the '--jsx' flag is provided.
src/components/canvas-sync/editor-header.tsx(449,17): error TS17004: Cannot use JSX unless the '--jsx' flag is provided.
src/components/canvas-sync/editor-header.tsx(451,15): error TS17004: Cannot use JSX unless the '--jsx' flag is provided.
src/components/canvas-sync/editor-header.tsx(452,15): error TS17004: Cannot use JSX unless the '--jsx' flag is provided.
src/components/canvas-sync/editor-header.tsx(453,17): error TS17004: Cannot use JSX unless the '--jsx' flag is provided.
src/components/canvas-sync/editor-header.tsx(454,17): error TS17004: Cannot use JSX unless the '--jsx' flag is provided.
src/components/canvas-sync/editor-header.tsx(455,17): error TS17004: Cannot use JSX unless the '--jsx' flag is provided.
src/components/canvas-sync/editor-header.tsx(457,15): error TS17004: Cannot use JSX unless the '--jsx' flag is provided.
src/components/canvas-sync/editor-header.tsx(458,17): error TS17004: Cannot use JSX unless the '--jsx' flag is provided.
src/components/canvas-sync/editor-header.tsx(459,17): error TS17004: Cannot use JSX unless the '--jsx' flag is provided.
src/components/canvas-sync/editor-header.tsx(460,17): error TS17004: Cannot use JSX unless the '--jsx' flag is provided.
src/components/canvas-sync/editor-header.tsx(462,15): error TS17004: Cannot use JSX unless the '--jsx' flag is provided.
src/components/canvas-sync/editor-header.tsx(463,17): error TS17004: Cannot use JSX unless the '--jsx' flag is provided.
src/components/canvas-sync/editor-header.tsx(464,17): error TS17004: Cannot use JSX unless the '--jsx' flag is provided.
src/components/canvas-sync/editor-header.tsx(465,17): error TS17004: Cannot use JSX unless the '--jsx' flag is provided.
src/components/canvas-sync/editor-header.tsx(467,15): error TS17004: Cannot use JSX unless the '--jsx' flag is provided.
src/components/canvas-sync/editor-header.tsx(468,17): error TS17004: Cannot use JSX unless the '--jsx' flag is provided.
src/components/canvas-sync/editor-header.tsx(469,17): error TS17004: Cannot use JSX unless the '--jsx' flag is provided.
src/components/canvas-sync/editor-header.tsx(471,15): error TS17004: Cannot use JSX unless the '--jsx' flag is provided.
src/components/canvas-sync/editor-header.tsx(472,17): error TS17004: Cannot use JSX unless the '--jsx' flag is provided.
src/components/canvas-sync/editor-header.tsx(473,17): error TS17004: Cannot use JSX unless the '--jsx' flag is provided.
src/components/canvas-sync/editor-header.tsx(475,15): error TS17004: Cannot use JSX unless the '--jsx' flag is provided.
src/components/canvas-sync/editor-header.tsx(476,15): error TS17004: Cannot use JSX unless the '--jsx' flag is provided.
src/components/canvas-sync/editor-header.tsx(477,17): error TS17004: Cannot use JSX unless the '--jsx' flag is provided.
src/components/canvas-sync/editor-header.tsx(478,17): error TS17004: Cannot use JSX unless the '--jsx' flag is provided.
src/components/canvas-sync/editor-header.tsx(479,17): error TS17004: Cannot use JSX unless the '--jsx' flag is provided.
src/components/canvas-sync/editor-header.tsx(483,11): error TS17004: Cannot use JSX unless the '--jsx' flag is provided.
src/components/canvas-sync/editor-header.tsx(484,13): error TS17004: Cannot use JSX unless the '--jsx' flag is provided.
src/components/canvas-sync/editor-header.tsx(485,15): error TS17004: Cannot use JSX unless the '--jsx' flag is provided.
src/components/canvas-sync/editor-header.tsx(489,13): error TS17004: Cannot use JSX unless the '--jsx' flag is provided.
src/components/canvas-sync/editor-header.tsx(490,15): error TS17004: Cannot use JSX unless the '--jsx' flag is provided.
src/components/canvas-sync/editor-header.tsx(491,17): error TS17004: Cannot use JSX unless the '--jsx' flag is provided.
src/components/canvas-sync/editor-header.tsx(492,17): error TS17004: Cannot use JSX unless the '--jsx' flag is provided.
src/components/canvas-sync/editor-header.tsx(493,17): error TS17004: Cannot use JSX unless the '--jsx' flag is provided.
src/components/canvas-sync/editor-header.tsx(495,15): error TS17004: Cannot use JSX unless the '--jsx' flag is provided.
src/components/canvas-sync/editor-header.tsx(496,17): error TS17004: Cannot use JSX unless the '--jsx' flag is provided.
src/components/canvas-sync/editor-header.tsx(497,17): error TS17004: Cannot use JSX unless the '--jsx' flag is provided.
src/components/canvas-sync/editor-header.tsx(498,17): error TS17004: Cannot use JSX unless the '--jsx' flag is provided.
src/components/canvas-sync/editor-header.tsx(500,15): error TS17004: Cannot use JSX unless the '--jsx' flag is provided.
src/components/canvas-sync/editor-header.tsx(501,15): error TS17004: Cannot use JSX unless the '--jsx' flag is provided.
src/components/canvas-sync/editor-header.tsx(502,17): error TS17004: Cannot use JSX unless the '--jsx' flag is provided.
src/components/canvas-sync/editor-header.tsx(503,17): error TS17004: Cannot use JSX unless the '--jsx' flag is provided.
src/components/canvas-sync/editor-header.tsx(504,17): error TS17004: Cannot use JSX unless the '--jsx' flag is provided.
src/components/canvas-sync/editor-header.tsx(506,15): error TS17004: Cannot use JSX unless the '--jsx' flag is provided.
src/components/canvas-sync/editor-header.tsx(507,15): error TS17004: Cannot use JSX unless the '--jsx' flag is provided.
src/components/canvas-sync/editor-header.tsx(508,17): error TS17004: Cannot use JSX unless the '--jsx' flag is provided.
src/components/canvas-sync/editor-header.tsx(509,17): error TS17004: Cannot use JSX unless the '--jsx' flag is provided.
src/components/canvas-sync/editor-header.tsx(510,17): error TS17004: Cannot use JSX unless the '--jsx' flag is provided.
src/components/canvas-sync/editor-header.tsx(514,11): error TS17004: Cannot use JSX unless the '--jsx' flag is provided.
src/components/canvas-sync/editor-header.tsx(515,13): error TS17004: Cannot use JSX unless the '--jsx' flag is provided.
src/components/canvas-sync/editor-header.tsx(516,15): error TS17004: Cannot use JSX unless the '--jsx' flag is provided.
src/components/canvas-sync/editor-header.tsx(520,13): error TS17004: Cannot use JSX unless the '--jsx' flag is provided.
src/components/canvas-sync/editor-header.tsx(521,15): error TS17004: Cannot use JSX unless the '--jsx' flag is provided.
src/components/canvas-sync/editor-header.tsx(522,17): error TS17004: Cannot use JSX unless the '--jsx' flag is provided.
src/components/canvas-sync/editor-header.tsx(523,17): error TS17004: Cannot use JSX unless the '--jsx' flag is provided.
src/components/canvas-sync/editor-header.tsx(525,15): error TS17004: Cannot use JSX unless the '--jsx' flag is provided.
src/components/canvas-sync/editor-header.tsx(526,17): error TS17004: Cannot use JSX unless the '--jsx' flag is provided.
src/components/canvas-sync/editor-header.tsx(527,17): error TS17004: Cannot use JSX unless the '--jsx' flag is provided.
src/components/canvas-sync/editor-header.tsx(529,15): error TS17004: Cannot use JSX unless the '--jsx' flag is provided.
src/components/canvas-sync/editor-header.tsx(530,15): error TS17004: Cannot use JSX unless the '--jsx' flag is provided.
src/components/canvas-sync/editor-header.tsx(531,17): error TS17004: Cannot use JSX unless the '--jsx' flag is provided.
src/components/canvas-sync/editor-header.tsx(532,17): error TS17004: Cannot use JSX unless the '--jsx' flag is provided.
src/components/canvas-sync/editor-header.tsx(536,11): error TS17004: Cannot use JSX unless the '--jsx' flag is provided.
src/components/canvas-sync/editor-header.tsx(537,13): error TS17004: Cannot use JSX unless the '--jsx' flag is provided.
src/components/canvas-sync/editor-header.tsx(538,15): error TS17004: Cannot use JSX unless the '--jsx' flag is provided.
src/components/canvas-sync/editor-header.tsx(542,13): error TS17004: Cannot use JSX unless the '--jsx' flag is provided.
src/components/canvas-sync/editor-header.tsx(543,17): error TS17004: Cannot use JSX unless the '--jsx' flag is provided.
src/components/canvas-sync/editor-header.tsx(544,21): error TS17004: Cannot use JSX unless the '--jsx' flag is provided.
src/components/canvas-sync/editor-header.tsx(545,21): error TS17004: Cannot use JSX unless the '--jsx' flag is provided.
src/components/canvas-sync/editor-header.tsx(546,21): error TS17004: Cannot use JSX unless the '--jsx' flag is provided.
src/components/canvas-sync/editor-header.tsx(548,17): error TS17004: Cannot use JSX unless the '--jsx' flag is provided.
src/components/canvas-sync/editor-header.tsx(549,21): error TS17004: Cannot use JSX unless the '--jsx' flag is provided.
src/components/canvas-sync/editor-header.tsx(550,21): error TS17004: Cannot use JSX unless the '--jsx' flag is provided.
src/components/canvas-sync/editor-header.tsx(551,21): error TS17004: Cannot use JSX unless the '--jsx' flag is provided.
src/components/canvas-sync/editor-header.tsx(553,17): error TS17004: Cannot use JSX unless the '--jsx' flag is provided.
src/components/canvas-sync/editor-header.tsx(554,21): error TS17004: Cannot use JSX unless the '--jsx' flag is provided.
src/components/canvas-sync/editor-header.tsx(555,21): error TS17004: Cannot use JSX unless the '--jsx' flag is provided.
src/components/canvas-sync/editor-header.tsx(556,21): error TS17004: Cannot use JSX unless the '--jsx' flag is provided.
src/components/canvas-sync/editor-header.tsx(558,17): error TS17004: Cannot use JSX unless the '--jsx' flag is provided.
src/components/canvas-sync/editor-header.tsx(559,21): error TS17004: Cannot use JSX unless the '--jsx' flag is provided.
src/components/canvas-sync/editor-header.tsx(560,21): error TS17004: Cannot use JSX unless the '--jsx' flag is provided.
src/components/canvas-sync/editor-header.tsx(562,17): error TS17004: Cannot use JSX unless the '--jsx' flag is provided.
src/components/canvas-sync/editor-header.tsx(563,21): error TS17004: Cannot use JSX unless the '--jsx' flag is provided.
src/components/canvas-sync/editor-header.tsx(564,21): error TS17004: Cannot use JSX unless the '--jsx' flag is provided.
src/components/canvas-sync/editor-header.tsx(565,21): error TS17004: Cannot use JSX unless the '--jsx' flag is provided.
src/components/canvas-sync/editor-header.tsx(567,17): error TS17004: Cannot use JSX unless the '--jsx' flag is provided.
src/components/canvas-sync/editor-header.tsx(568,17): error TS17004: Cannot use JSX unless the '--jsx' flag is provided.
src/components/canvas-sync/editor-header.tsx(569,21): error TS17004: Cannot use JSX unless the '--jsx' flag is provided.
src/components/canvas-sync/editor-header.tsx(570,21): error TS17004: Cannot use JSX unless the '--jsx' flag is provided.
src/components/canvas-sync/editor-header.tsx(571,21): error TS17004: Cannot use JSX unless the '--jsx' flag is provided.
src/components/canvas-sync/editor-header.tsx(573,17): error TS17004: Cannot use JSX unless the '--jsx' flag is provided.
src/components/canvas-sync/editor-header.tsx(574,21): error TS17004: Cannot use JSX unless the '--jsx' flag is provided.
src/components/canvas-sync/editor-header.tsx(575,21): error TS17004: Cannot use JSX unless the '--jsx' flag is provided.
src/components/canvas-sync/editor-header.tsx(579,11): error TS17004: Cannot use JSX unless the '--jsx' flag is provided.
src/components/canvas-sync/editor-header.tsx(580,13): error TS17004: Cannot use JSX unless the '--jsx' flag is provided.
src/components/canvas-sync/editor-header.tsx(581,15): error TS17004: Cannot use JSX unless the '--jsx' flag is provided.
src/components/canvas-sync/editor-header.tsx(585,13): error TS17004: Cannot use JSX unless the '--jsx' flag is provided.
src/components/canvas-sync/editor-header.tsx(586,15): error TS17004: Cannot use JSX unless the '--jsx' flag is provided.
src/components/canvas-sync/editor-header.tsx(587,17): error TS17004: Cannot use JSX unless the '--jsx' flag is provided.
src/components/canvas-sync/editor-header.tsx(588,17): error TS17004: Cannot use JSX unless the '--jsx' flag is provided.
src/components/canvas-sync/editor-header.tsx(590,15): error TS17004: Cannot use JSX unless the '--jsx' flag is provided.
src/components/canvas-sync/editor-header.tsx(591,15): error TS17004: Cannot use JSX unless the '--jsx' flag is provided.
src/components/canvas-sync/editor-header.tsx(592,17): error TS17004: Cannot use JSX unless the '--jsx' flag is provided.
src/components/canvas-sync/editor-header.tsx(593,17): error TS17004: Cannot use JSX unless the '--jsx' flag is provided.
src/components/canvas-sync/editor-header.tsx(594,17): error TS17004: Cannot use JSX unless the '--jsx' flag is provided.
src/components/canvas-sync/editor-header.tsx(596,15): error TS17004: Cannot use JSX unless the '--jsx' flag is provided.
src/components/canvas-sync/editor-header.tsx(597,17): error TS17004: Cannot use JSX unless the '--jsx' flag is provided.
src/components/canvas-sync/editor-header.tsx(598,17): error TS17004: Cannot use JSX unless the '--jsx' flag is provided.
src/components/canvas-sync/editor-header.tsx(599,17): error TS17004: Cannot use JSX unless the '--jsx' flag is provided.
src/components/canvas-sync/editor-header.tsx(601,15): error TS17004: Cannot use JSX unless the '--jsx' flag is provided.
src/components/canvas-sync/editor-header.tsx(602,15): error TS17004: Cannot use JSX unless the '--jsx' flag is provided.
src/components/canvas-sync/editor-header.tsx(603,17): error TS17004: Cannot use JSX unless the '--jsx' flag is provided.
src/components/canvas-sync/editor-header.tsx(604,17): error TS17004: Cannot use JSX unless the '--jsx' flag is provided.
src/components/canvas-sync/editor-header.tsx(606,15): error TS17004: Cannot use JSX unless the '--jsx' flag is provided.
src/components/canvas-sync/editor-header.tsx(607,17): error TS17004: Cannot use JSX unless the '--jsx' flag is provided.
src/components/canvas-sync/editor-header.tsx(608,17): error TS17004: Cannot use JSX unless the '--jsx' flag is provided.
src/components/canvas-sync/editor-header.tsx(610,15): error TS17004: Cannot use JSX unless the '--jsx' flag is provided.
src/components/canvas-sync/editor-header.tsx(611,15): error TS17004: Cannot use JSX unless the '--jsx' flag is provided.
src/components/canvas-sync/editor-header.tsx(612,17): error TS17004: Cannot use JSX unless the '--jsx' flag is provided.
src/components/canvas-sync/editor-header.tsx(613,17): error TS17004: Cannot use JSX unless the '--jsx' flag is provided.
src/components/canvas-sync/editor-header.tsx(615,15): error TS17004: Cannot use JSX unless the '--jsx' flag is provided.
src/components/canvas-sync/editor-header.tsx(616,17): error TS17004: Cannot use JSX unless the '--jsx' flag is provided.
src/components/canvas-sync/editor-header.tsx(617,17): error TS17004: Cannot use JSX unless the '--jsx' flag is provided.
src/components/canvas-sync/editor-header.tsx(621,11): error TS17004: Cannot use JSX unless the '--jsx' flag is provided.
src/components/canvas-sync/editor-header.tsx(622,13): error TS17004: Cannot use JSX unless the '--jsx' flag is provided.
src/components/canvas-sync/editor-header.tsx(623,15): error TS17004: Cannot use JSX unless the '--jsx' flag is provided.
src/components/canvas-sync/editor-header.tsx(627,13): error TS17004: Cannot use JSX unless the '--jsx' flag is provided.
src/components/canvas-sync/editor-header.tsx(628,15): error TS17004: Cannot use JSX unless the '--jsx' flag is provided.
src/components/canvas-sync/editor-header.tsx(631,15): error TS17004: Cannot use JSX unless the '--jsx' flag is provided.
src/components/canvas-sync/editor-header.tsx(632,15): error TS17004: Cannot use JSX unless the '--jsx' flag is provided.
src/components/canvas-sync/editor-header.tsx(635,15): error TS17004: Cannot use JSX unless the '--jsx' flag is provided.
src/components/canvas-sync/editor-header.tsx(640,11): error TS17004: Cannot use JSX unless the '--jsx' flag is provided.
src/components/canvas-sync/editor-header.tsx(641,13): error TS17004: Cannot use JSX unless the '--jsx' flag is provided.
src/components/canvas-sync/editor-header.tsx(642,15): error TS17004: Cannot use JSX unless the '--jsx' flag is provided.
src/components/canvas-sync/editor-header.tsx(646,13): error TS17004: Cannot use JSX unless the '--jsx' flag is provided.
src/components/canvas-sync/editor-header.tsx(647,15): error TS17004: Cannot use JSX unless the '--jsx' flag is provided.
src/components/canvas-sync/editor-header.tsx(648,15): error TS17004: Cannot use JSX unless the '--jsx' flag is provided.
src/components/canvas-sync/editor-header.tsx(650,17): error TS17004: Cannot use JSX unless the '--jsx' flag is provided.
src/components/canvas-sync/editor-header.tsx(652,15): error TS17004: Cannot use JSX unless the '--jsx' flag is provided.
src/components/canvas-sync/editor-header.tsx(654,17): error TS17004: Cannot use JSX unless the '--jsx' flag is provided.
src/components/canvas-sync/editor-header.tsx(656,15): error TS17004: Cannot use JSX unless the '--jsx' flag is provided.
src/components/canvas-sync/editor-header.tsx(658,17): error TS17004: Cannot use JSX unless the '--jsx' flag is provided.
src/components/canvas-sync/editor-header.tsx(660,15): error TS17004: Cannot use JSX unless the '--jsx' flag is provided.
src/components/canvas-sync/editor-header.tsx(662,17): error TS17004: Cannot use JSX unless the '--jsx' flag is provided.
src/components/canvas-sync/editor-header.tsx(664,15): error TS17004: Cannot use JSX unless the '--jsx' flag is provided.
src/components/canvas-sync/editor-header.tsx(666,17): error TS17004: Cannot use JSX unless the '--jsx' flag is provided.
src/components/canvas-sync/editor-header.tsx(668,15): error TS17004: Cannot use JSX unless the '--jsx' flag is provided.
src/components/canvas-sync/editor-header.tsx(670,17): error TS17004: Cannot use JSX unless the '--jsx' flag is provided.
src/components/canvas-sync/editor-header.tsx(672,15): error TS17004: Cannot use JSX unless the '--jsx' flag is provided.
src/components/canvas-sync/editor-header.tsx(674,17): error TS17004: Cannot use JSX unless the '--jsx' flag is provided.
src/components/canvas-sync/editor-header.tsx(676,15): error TS17004: Cannot use JSX unless the '--jsx' flag is provided.
src/components/canvas-sync/editor-header.tsx(679,16): error TS17004: Cannot use JSX unless the '--jsx' flag is provided.
src/components/canvas-sync/editor-header.tsx(682,16): error TS17004: Cannot use JSX unless the '--jsx' flag is provided.
src/components/canvas-sync/editor-header.tsx(685,15): error TS17004: Cannot use JSX unless the '--jsx' flag is provided.
src/components/canvas-sync/editor-header.tsx(688,15): error TS17004: Cannot use JSX unless the '--jsx' flag is provided.
src/components/canvas-sync/editor-header.tsx(689,15): error TS17004: Cannot use JSX unless the '--jsx' flag is provided.
src/components/canvas-sync/editor-header.tsx(692,11): error TS17004: Cannot use JSX unless the '--jsx' flag is provided.
src/components/canvas-sync/editor-header.tsx(693,13): error TS17004: Cannot use JSX unless the '--jsx' flag is provided.
src/components/canvas-sync/editor-header.tsx(694,15): error TS17004: Cannot use JSX unless the '--jsx' flag is provided.
src/components/canvas-sync/editor-header.tsx(698,13): error TS17004: Cannot use JSX unless the '--jsx' flag is provided.
src/components/canvas-sync/editor-header.tsx(699,15): error TS17004: Cannot use JSX unless the '--jsx' flag is provided.
src/components/canvas-sync/editor-header.tsx(700,17): error TS17004: Cannot use JSX unless the '--jsx' flag is provided.
src/components/canvas-sync/editor-header.tsx(701,17): error TS17004: Cannot use JSX unless the '--jsx' flag is provided.
src/components/canvas-sync/editor-header.tsx(703,15): error TS17004: Cannot use JSX unless the '--jsx' flag is provided.
src/components/canvas-sync/editor-header.tsx(704,17): error TS17004: Cannot use JSX unless the '--jsx' flag is provided.
src/components/canvas-sync/editor-header.tsx(705,17): error TS17004: Cannot use JSX unless the '--jsx' flag is provided.
src/components/canvas-sync/editor-header.tsx(707,15): error TS17004: Cannot use JSX unless the '--jsx' flag is provided.
src/components/canvas-sync/editor-header.tsx(708,17): error TS17004: Cannot use JSX unless the '--jsx' flag is provided.
src/components/canvas-sync/editor-header.tsx(709,17): error TS17004: Cannot use JSX unless the '--jsx' flag is provided.
src/components/canvas-sync/editor-header.tsx(711,15): error TS17004: Cannot use JSX unless the '--jsx' flag is provided.
src/components/canvas-sync/editor-header.tsx(712,17): error TS17004: Cannot use JSX unless the '--jsx' flag is provided.
src/components/canvas-sync/editor-header.tsx(713,17): error TS17004: Cannot use JSX unless the '--jsx' flag is provided.
src/components/canvas-sync/editor-header.tsx(715,15): error TS17004: Cannot use JSX unless the '--jsx' flag is provided.
src/components/canvas-sync/editor-header.tsx(716,17): error TS17004: Cannot use JSX unless the '--jsx' flag is provided.
src/components/canvas-sync/editor-header.tsx(717,17): error TS17004: Cannot use JSX unless the '--jsx' flag is provided.
src/components/canvas-sync/editor-header.tsx(719,16): error TS17004: Cannot use JSX unless the '--jsx' flag is provided.
src/components/canvas-sync/editor-header.tsx(720,17): error TS17004: Cannot use JSX unless the '--jsx' flag is provided.
src/components/canvas-sync/editor-header.tsx(721,17): error TS17004: Cannot use JSX unless the '--jsx' flag is provided.
src/components/canvas-sync/editor-header.tsx(723,15): error TS17004: Cannot use JSX unless the '--jsx' flag is provided.
src/components/canvas-sync/editor-header.tsx(724,17): error TS17004: Cannot use JSX unless the '--jsx' flag is provided.
src/components/canvas-sync/editor-header.tsx(725,17): error TS17004: Cannot use JSX unless the '--jsx' flag is provided.
src/components/canvas-sync/editor-header.tsx(726,17): error TS17004: Cannot use JSX unless the '--jsx' flag is provided.
src/components/canvas-sync/editor-header.tsx(728,15): error TS17004: Cannot use JSX unless the '--jsx' flag is provided.
src/components/canvas-sync/editor-header.tsx(729,15): error TS17004: Cannot use JSX unless the '--jsx' flag is provided.
src/components/canvas-sync/editor-header.tsx(730,17): error TS17004: Cannot use JSX unless the '--jsx' flag is provided.
src/components/canvas-sync/editor-header.tsx(731,17): error TS17004: Cannot use JSX unless the '--jsx' flag is provided.
src/components/canvas-sync/editor-header.tsx(733,15): error TS17004: Cannot use JSX unless the '--jsx' flag is provided.
src/components/canvas-sync/editor-header.tsx(734,17): error TS17004: Cannot use JSX unless the '--jsx' flag is provided.
src/components/canvas-sync/editor-header.tsx(735,17): error TS17004: Cannot use JSX unless the '--jsx' flag is provided.
src/components/canvas-sync/editor-header.tsx(740,7): error TS17004: Cannot use JSX unless the '--jsx' flag is provided.
src/components/canvas-sync/editor-header.tsx(741,9): error TS17004: Cannot use JSX unless the '--jsx' flag is provided.
src/components/canvas-sync/editor-header.tsx(742,11): error TS17004: Cannot use JSX unless the '--jsx' flag is provided.
